// Vitest Snapshot v1, https://vitest.dev/guide/snapshot.html

exports[`Renders <Fieldset /> without crashing 1`] = `
<fieldset
  class="_o-form__fieldset_11be18"
>
  <legend
    class="_o-form__legend_11be18"
  >
    legend
  </legend>
  children
</fieldset>
`;

exports[`Renders <FormGroup /> without crashing 1`] = `
<div
  class="_o-form__group_11be18 _o-form__group--success_11be18"
>
  children
  <span
    class="_o-form__group-detail_11be18"
  >
    Detail
  </span>
</div>
`;

exports[`Renders <Label /> without crashing 1`] = `
<label
  class="_o-form__label_11be18 _o-form__label--block_11be18"
>
  Label
</label>
`;
