// Jest Snapshot v1, https://goo.gl/fbAQLP

exports[`Renders <Fieldset /> without crashing 1`] = `
<fieldset
  class="o-form__fieldset"
>
  <legend
    class="o-form__legend"
  >
    legend
  </legend>
  children
</fieldset>
`;

exports[`Renders <FormGroup /> without crashing 1`] = `
<div
  class="o-form__group o-form__group--success"
>
  children
  <span
    class="o-form__group-detail"
  >
    Detail
  </span>
</div>
`;

exports[`Renders <Label /> without crashing 1`] = `
<label
  class="o-form__label o-form__label--block"
>
  Label
</label>
`;
