// Jest Snapshot v1, https://goo.gl/fbAQLP

exports[`Renders <Fieldset /> without crashing 1`] = `
<fieldset
  className="o-form__fieldset"
>
  <legend
    class="o-form__legend"
  />
</fieldset>
`;

exports[`Renders <FormGroup /> without crashing 1`] = `
<div
  className="o-form__group"
>
  <span
    className="o-form__group-detail"
  />
</div>
`;

exports[`Renders <Label /> without crashing 1`] = `
<label
  className="o-form__label o-form__label--block"
>
  &nbsp;
</label>
`;
