// Vitest Snapshot v1, https://vitest.dev/guide/snapshot.html

exports[`Renders <Blockquote /> without crashing 1`] = `
<blockquote
  class="_o-blockquote_f6d1be _o-blockquote--pulled_f6d1be"
>
  <div
    class="_o-blockquote__quotes_f6d1be u-animation u-animation--fade-in"
  >
    Quote
  </div>
  <cite
    class="_o-blockquote__cite_f6d1be u-animation u-animation--fade-in"
  >
    Cite
  </cite>
</blockquote>
`;
