// Jest Snapshot v1, https://goo.gl/fbAQLP

exports[`Renders <Blockquote /> without crashing 1`] = `
<blockquote
  class="o-blockquote o-blockquote--pulled"
>
  <div
    class="o-blockquote__quotes u-animation u-animation--fade-in"
  >
    Quote
  </div>
  <cite
    class="o-blockquote__cite u-animation u-animation--fade-in"
  >
    Cite
  </cite>
</blockquote>
`;
