// Vitest Snapshot v1, https://vitest.dev/guide/snapshot.html

exports[`Renders <Breadcrumb /> without crashing 1`] = `
<ol
  class="_o-breadcrumb_adef61"
>
  <li
    class="_o-breadcrumb__level_adef61 u-animation u-animation--fade-in-up"
  >
    <a
      class="_o-breadcrumb__link_adef61"
    >
      Title
    </a>
  </li>
</ol>
`;
