// Jest Snapshot v1, https://goo.gl/fbAQLP

exports[`Renders <Experiences /> without crashing 1`] = `
<div
  class="c-experiences"
>
  <section
    class="c-experience"
  >
    <h3
      class="c-experience__heading"
    >
      <span>
        <a
          class="c-experience__company"
          href="#"
          rel="noopener noreferrer"
          target="_blank"
        >
          Name
          <svg
            class="c-experience__link"
          />
        </a>
        , 
        Location
      </span>
      <div
        class="c-experience__details"
      >
        <span
          class="c-experience__date"
        >
          <time
            datetime="2018-01"
          >
            Jan 2018
          </time>
           
          –
           
          <time
            datetime="2019-01"
          >
            Jan 2019
          </time>
        </span>
      </div>
    </h3>
    <div
      class="c-experience__subheading"
    >
      <div
        class="c-experience__details"
      >
        <span
          class="c-experience__title"
        >
          Job Title
        </span>
        <div
          class="c-experience__push"
        />
        <span
          class="c-experience__duration"
        >
          1 year
        </span>
      </div>
    </div>
    <div
      class="c-experience__lede"
    >
      <p>
        Lede
      </p>
    </div>
  </section>
</div>
`;
