// Jest Snapshot v1, https://goo.gl/fbAQLP

exports[`Renders <Experiences /> without crashing 1`] = `
<div
  class="c-experiences"
>
  <section
    class="c-experience"
  >
    <h3
      class="c-experience__heading"
    >
      <a
        class="c-experience__company"
        href="#"
        rel="noopener noreferrer"
        target="_blank"
      >
        Name
      </a>
      , 
      Location
       ⁠— 
      Job Title
    </h3>
    <p
      class="c-experience__subheading"
    >
      <span
        class="c-experience__date"
      >
        Jan 2018
         – Jan
         2019
      </span>
      <span
        class="c-experience__duration"
      >
         
        (
        1 yr
        )
      </span>
    </p>
    <p
      class="c-experience__lede"
    >
      Lede
    </p>
  </section>
</div>
`;
