// Jest Snapshot v1, https://goo.gl/fbAQLP

exports[`Renders <File /> without crashing 1`] = `
<label
  class="o-form__file o-button"
>
  <input
    class="o-form__file-input u-is-visually-hidden"
    data-multiple-caption="Multiple Caption"
    name="name"
    type="file"
  />
  <span
    aria-label=""
    class="o-form__file-icon"
  >
    <svg />
  </span>
  <span
    class="o-form__file-text"
  >
    Choose file
  </span>
</label>
`;
