// Jest Snapshot v1, https://goo.gl/fbAQLP

exports[`Renders <File /> without crashing 1`] = `
<label
  className="o-form__file o-button"
>
  <input
    className="o-form__file-input"
    data-multiple-caption="{count} files selected"
    type="file"
  />
  <span
    className="o-form__file-icon"
  >
    <ForwardRef(SvgCloudUpload) />
  </span>
</label>
`;
