// Jest Snapshot v1, https://goo.gl/fbAQLP

exports[`Renders <PersonalWorks /> without crashing 1`] = `
<div
  class="c-personal-works"
>
  <div
    class="grid"
  >
    <div
      class="cell cell-6 sm:cell-4 md:cell-2 u-vr--bottom-1-@xs u-vr--bottom-0-@md"
    >
      <section
        class="c-personal-work"
      >
        <a
          class="c-personal-work__overlay"
          href="#"
        >
          <img
            alt="Personal work on unsplash"
            class="c-personal-work__thumbnail"
            loading="lazy"
            src="https://via.placeholder.com/200x200"
          />
          <span
            aria-hidden="true"
            class="c-personal-work__source"
          >
            <svg />
          </span>
        </a>
      </section>
    </div>
  </div>
</div>
`;
