// Jest Snapshot v1, https://goo.gl/fbAQLP

exports[`Renders <PersonalWorks /> without crashing 1`] = `
<div
  class="c-personal-works"
>
  <a
    class="c-personal-work"
    href="#"
  >
    <img
      alt="Personal work on unsplash"
      class="c-personal-work__thumbnail"
      height="251"
      loading="lazy"
      src="https://via.placeholder.com/200x200"
      width="167"
    />
    <span
      aria-hidden="true"
      class="c-personal-work__source"
    >
      <svg />
    </span>
  </a>
</div>
`;
