// Jest Snapshot v1, https://goo.gl/fbAQLP

exports[`Renders <SocialMedia /> without crashing 1`] = `
<div
  class="grid"
>
  <div
    class="c-social-media cell cell-6 sm:cell-4 md:cell-12"
  >
    <a
      class="c-social-media__link"
      href="#"
    >
      <span
        aria-hidden="true"
      >
        <svg />
      </span>
      Name
    </a>
  </div>
</div>
`;
