// Jest Snapshot v1, https://goo.gl/fbAQLP

exports[`Renders <SocialMedia /> without crashing 1`] = `
<div
  class="grid"
>
  <div
    class="c-social-media cell cell--6-@xs cell--4-@sm cell--12-@md"
  >
    <a
      class="c-social-media__link"
      href="#"
      title="Follow me on Name"
    >
      <svg>
        500px.svg
      </svg>
      Name
    </a>
  </div>
</div>
`;
