// Jest Snapshot v1, https://goo.gl/fbAQLP

exports[`Renders <Anchor /> without crashing 1`] = `
<h2
  class="o-anchor"
>
  <a
    aria-label="Permalink for children"
    class="o-anchor__link"
    href="#id"
    id="id"
  >
    <span
      aria-hidden="true"
    >
      #
    </span>
  </a>
  children
</h2>
`;
