// Vitest Snapshot v1, https://vitest.dev/guide/snapshot.html

exports[`Renders <Anchor /> without crashing 1`] = `
<span
  class="_o-anchor_8aba80"
>
  <a
    aria-label="Permalink for children"
    class="_o-anchor__link_8aba80"
    href="#id"
    id="id"
  >
    <span
      aria-hidden="true"
    >
      #
    </span>
  </a>
  children
</span>
`;
