// Jest Snapshot v1, https://goo.gl/fbAQLP

exports[`Renders <Menu /> without crashing 1`] = `
<ul
  class="o-menu"
>
  <li
    class="o-menu__item o-menu__item--has-children"
  >
    <a
      class="o-menu__link o-menu__submenu-heading"
      tabindex="0"
    >
      Menu
      <svg />
    </a>
    <ul
      class="o-menu__submenu"
    >
      <li
        class="o-menu__item"
      >
        <a
          class="o-menu__link"
          href="#"
        >
          Submenu
        </a>
      </li>
    </ul>
  </li>
</ul>
`;
