// Vitest Snapshot v1, https://vitest.dev/guide/snapshot.html

exports[`Renders <Figure /> without crashing 1`] = `
<figure
  class="_o-figure_da3138 _o-figure--centered_da3138"
>
  <img
    alt="Alt"
    class="_o-figure__img_da3138"
    loading="lazy"
    src="https://via.placeholder.com/500x250"
    title="Title"
  />
  <figcaption
    class="_o-figure__caption_da3138"
  >
    Caption
  </figcaption>
</figure>
`;
