// Jest Snapshot v1, https://goo.gl/fbAQLP

exports[`Renders <Figure /> without crashing 1`] = `
<figure
  class="o-figure o-figure--centered"
>
  <img
    alt="Alt"
    class="o-figure__img"
    loading="lazy"
    src="https://via.placeholder.com/500x250"
    title="Title"
  />
  <figcaption
    class="o-figure__caption"
  >
    Caption
  </figcaption>
</figure>
`;
