// Jest Snapshot v1, https://goo.gl/fbAQLP

exports[`Renders <FootnotesNotes /> without crashing 1`] = `
<ol
  class="o-footnotes"
>
  <li
    class="o-footnotes__note"
    id="footnote:id-1"
  >
    Note
     
    <a
      aria-label="Jump back to reference"
      class="o-footnotes__backref"
      href="#footnote-ref:id-1"
    >
      <svg>
        arrow-return-left.svg
      </svg>
    </a>
  </li>
</ol>
`;

exports[`Renders <FootnotesReference /> without crashing 1`] = `
<sup>
  <a
    aria-label=""
    class="o-footnote-ref"
    href="#footnote:id-1"
    id="footnote-ref:id-1"
  >
    1
  </a>
</sup>
`;
