// Vitest Snapshot v1, https://vitest.dev/guide/snapshot.html

exports[`Renders <Table /> without crashing 1`] = `
<table
  class="_o-table_5bea18 _o-table--align-top_5bea18 _o-table--striped_5bea18 _o-table--sm_5bea18"
>
  <thead>
    <tr>
      <th>
        Header
      </th>
    </tr>
  </thead>
  <tbody>
    <tr>
      <td>
        Cell
      </td>
    </tr>
  </tbody>
  <tfoot>
    <tr>
      <td>
        Footer
      </td>
    </tr>
  </tfoot>
</table>
`;
