// Jest Snapshot v1, https://goo.gl/fbAQLP

exports[`Renders <Footer /> without crashing 1`] = `
<footer
  class="p-footer"
>
  <div
    class="grid grid-y-center grid-no-wrap"
  >
    <div
      class="cell cell-shrink"
    >
      <span
        class="p-footer__version"
      >
        Version
      </span>
    </div>
    <div
      class="cell cell-grow"
    >
      <p
        class="p-footer__copyright"
      >
        2024
         © 
        Copyright
         
        <span
          class="p-footer__copyright-separator"
        >
          —
        </span>
        <br />
         Based in 
        Melbourne, Australia
      </p>
    </div>
    <div
      class="cell cell-shrink"
    >
      <a
        aria-label="Top Button Label"
        class="o-button o-button--secondary o-button--icon"
        href="#page-top"
      >
        <svg
          class="p-footer__page-top"
        />
      </a>
    </div>
  </div>
</footer>
`;
