// Vitest Snapshot v1, https://vitest.dev/guide/snapshot.html

exports[`Renders <Footer /> without crashing 1`] = `
<footer
  class="_p-footer_220724"
>
  <div
    class="grid grid-y-center grid-no-wrap"
  >
    <div
      class="cell cell-shrink"
    >
      <span
        class="_p-footer__version_220724"
      >
        Version
      </span>
    </div>
    <div
      class="cell cell-grow"
    >
      <p
        class="_p-footer__copyright_220724"
      >
        2024
         © 
        Copyright
         
        <span
          class="_p-footer__copyright-separator_220724"
        >
          —
        </span>
        <br />
         Based in 
        Melbourne, Australia
      </p>
    </div>
    <div
      class="cell cell-shrink"
    >
      <a
        aria-label="Top Button Label"
        class="_o-button_4c0070 _o-button--secondary_4c0070 _o-button--icon_4c0070"
        href="#page-top"
      >
        <svg
          class="_p-footer__page-top_220724"
          viewBox="0 0 256 256"
        >
          <symbol
            fill="currentColor"
            id="617257c5"
            viewBox="0 0 256 256"
            xmlns="http://www.w3.org/2000/svg"
          >
            <path
              d="M213.66,101.66l-80,80a8,8,0,0,1-11.32,0l-80-80A8,8,0,0,1,53.66,90.34L128,164.69l74.34-74.35a8,8,0,0,1,11.32,11.32Z"
            />
          </symbol>
          <use
            href="#617257c5"
          />
        </svg>
      </a>
    </div>
  </div>
</footer>
`;
