// Vitest Snapshot v1, https://vitest.dev/guide/snapshot.html

exports[`Renders <Header /> without crashing 1`] = `
<header
  class="_p-header_8c45c1"
>
  <h1
    class="_p-header__heading_8c45c1"
  >
    Firstname
     
    Lastname
  </h1>
  <span
    class="_p-header__tagline_8c45c1"
  >
    Tagline
  </span>
</header>
`;
