// Jest Snapshot v1, https://goo.gl/fbAQLP

exports[`Renders <Field /> without crashing 1`] = `
<input
  className="o-form__field o-form__field--text"
  defaultValue="Value"
  name="name"
  type="text"
/>
`;

exports[`Renders <Select /> without crashing 1`] = `
<select
  className="o-form__field o-form__field--select"
  name="name"
>
  <option
    defaultValue="Option 1"
    key="Option 1"
  >
    Option 1
  </option>
</select>
`;

exports[`Renders <Textarea /> without crashing 1`] = `
<textarea
  className="o-form__field o-form__field--textarea"
  name="name"
>
  children
</textarea>
`;
