// Vitest Snapshot v1, https://vitest.dev/guide/snapshot.html

exports[`Renders <Field /> without crashing 1`] = `
<input
  class="_o-form__field_bb4796 _o-form__field--text_bb4796"
  name="name"
  type="text"
  value="Value"
/>
`;

exports[`Renders <Select /> without crashing 1`] = `
<select
  class="_o-form__field_bb4796 _o-form__field--select_bb4796"
  name="name"
>
  <option
    value="Option 1"
  >
    Option 1
  </option>
</select>
`;

exports[`Renders <Textarea /> without crashing 1`] = `
<textarea
  class="_o-form__field_bb4796 _o-form__field--textarea_bb4796"
  name="name"
>
  children
</textarea>
`;
