// Jest Snapshot v1, https://goo.gl/fbAQLP

exports[`Renders <Field /> without crashing 1`] = `
<input
  className="o-form__field o-form__field--undefined"
/>
`;

exports[`Renders <Select /> without crashing 1`] = `""`;

exports[`Renders <Textarea /> without crashing 1`] = `
<textarea
  className="o-form__field o-form__field--textarea"
/>
`;
