// Jest Snapshot v1, https://goo.gl/fbAQLP

exports[`Renders <Field /> without crashing 1`] = `
<input
  class="o-form__field o-form__field--text"
  name="name"
  type="text"
  value="Value"
/>
`;

exports[`Renders <Select /> without crashing 1`] = `
<select
  class="o-form__field o-form__field--select"
  name="name"
>
  <option
    value="Option 1"
  >
    Option 1
  </option>
</select>
`;

exports[`Renders <Textarea /> without crashing 1`] = `
<textarea
  class="o-form__field o-form__field--textarea"
  name="name"
>
  children
</textarea>
`;
