// Jest Snapshot v1, https://goo.gl/fbAQLP

exports[`Renders <ProgressBar /> without crashing 1`] = `
<div
  className="o-progress-bar o-progress-bar--details-on-hover"
  tabIndex={0}
>
  <span
    className="o-progress-bar__labels"
  >
    <span
      className="o-progress-bar__label"
    >
      Label
    </span>
    <span
      className="o-progress-bar__details"
    >
      <span
        className="o-progress-bar__progress"
      >
        Progress
      </span>
       / 
      <span
        className="o-progress-bar__total"
      >
        Total
      </span>
    </span>
  </span>
  <div
    className="o-progress-bar__container"
  >
    <div
      className="o-progress-bar__filling"
      style={
        Object {
          "width": "50%",
        }
      }
    />
  </div>
</div>
`;
