// Vitest Snapshot v1, https://vitest.dev/guide/snapshot.html

exports[`Renders <ProgressBar /> without crashing 1`] = `
<div
  class="_o-progress-bar_ab94c4 _o-progress-bar--details-on-hover_ab94c4"
  tabindex="0"
>
  <span
    class="_o-progress-bar__labels_ab94c4"
  >
    <span
      class="_o-progress-bar__label_ab94c4"
    >
      Label
    </span>
    <span
      class="_o-progress-bar__details_ab94c4"
    >
      <span
        class="_o-progress-bar__progress_ab94c4"
      >
        Progress
      </span>
       / 
      <span
        class="_o-progress-bar__total_ab94c4"
      >
        Total
      </span>
    </span>
  </span>
  <div
    class="_o-progress-bar__container_ab94c4"
  >
    <div
      class="_o-progress-bar__filling_ab94c4"
      style="width: 50%;"
    />
  </div>
</div>
`;
