// Jest Snapshot v1, https://goo.gl/fbAQLP

exports[`Renders <Projects /> without crashing 1`] = `
<div
  class="c-projects"
>
  <div
    class="grid"
  >
    <div
      class="cell cell-12"
    >
      <div
        class="c-project c-project--highlighted"
      >
        <div
          class="grid"
        >
          <div
            class="cell cell-12 sm:cell-6 lg:cell-4"
          >
            <a
              class="c-project__link"
              href="#"
            >
              <img
                alt=""
                class="c-project__thumbnail"
                height="225"
                loading="lazy"
                src="https://via.placeholder.com/400x225"
                width="400"
              />
              <div
                class="c-project__overlay"
              >
                <h4
                  class="c-project__title"
                >
                  Name
                </h4>
                <span
                  class="c-project__line"
                />
                <span
                  class="c-project__tagline"
                >
                  Tagline
                </span>
              </div>
            </a>
            <div
              class="c-project__lede"
            >
              <p>
                Lede
              </p>
            </div>
          </div>
          <div
            class="cell cell-12 sm:cell-6 lg:cell-8"
          >
            <div
              class="c-project__detail"
            >
              <b
                class="c-project__detail-heading"
              >
                Key 
                Achievement
              </b>
              <ul
                class="c-project__detail-list"
              >
                <li>
                  Achievement
                </li>
              </ul>
            </div>
            <div
              class="c-project__detail"
            >
              <b
                class="c-project__detail-heading"
              >
                Architecture
              </b>
              <div
                class="c-project__detail-list"
              >
                <p>
                  Architecture
                </p>
              </div>
            </div>
          </div>
        </div>
      </div>
    </div>
  </div>
</div>
`;
