// Jest Snapshot v1, https://goo.gl/fbAQLP

exports[`Renders <OpenSource /> without crashing 1`] = `
<div
  class="c-open-sources"
>
  <div
    class="grid"
  >
    <div
      class="c-open-source__cell cell cell-12 md:cell-5"
    >
      <div
        class="c-open-source"
      >
        <h4
          class="c-open-source__title"
        >
          <a
            href="#"
            rel="noopener noreferrer"
            target="_blank"
          >
            Name
            <svg
              class="c-open-source__link"
            />
          </a>
        </h4>
        <div
          class="c-open-source__lede"
        >
          <p>
            Lede
          </p>
        </div>
        <div
          class="c-open-source__description"
        >
          <ul>
            <li>
              Description
            </li>
          </ul>
        </div>
      </div>
    </div>
  </div>
</div>
`;
