// Vitest Snapshot v1, https://vitest.dev/guide/snapshot.html

exports[`Renders <OpenSource /> without crashing 1`] = `
<div
  class="_c-open-sources_b586fb"
>
  <div
    class="grid"
  >
    <div
      class="_c-open-source__cell_b586fb cell cell-12 md:cell-5"
    >
      <div
        class="_c-open-source_b586fb"
      >
        <h4
          class="_c-open-source__title_b586fb"
        >
          <a
            href="#"
            rel="noopener noreferrer"
            target="_blank"
          >
            Name
            <svg
              class="_c-open-source__link_b586fb"
              viewBox="0 0 256 256"
            >
              <symbol
                fill="currentColor"
                id="9b80f4c1"
                viewBox="0 0 256 256"
                xmlns="http://www.w3.org/2000/svg"
              >
                <path
                  d="M200,64V168a8,8,0,0,1-16,0V83.31L69.66,197.66a8,8,0,0,1-11.32-11.32L172.69,72H88a8,8,0,0,1,0-16H192A8,8,0,0,1,200,64Z"
                />
              </symbol>
              <use
                href="#9b80f4c1"
              />
            </svg>
          </a>
        </h4>
        <div
          class="_c-open-source__lede_b586fb"
        >
          <p>
            Lede
          </p>
        </div>
        <div
          class="_c-open-source__description_b586fb"
        >
          <ul>
            <li>
              Description
            </li>
          </ul>
        </div>
      </div>
    </div>
  </div>
</div>
`;
