// Jest Snapshot v1, https://goo.gl/fbAQLP

exports[`Renders <Alert /> without crashing 1`] = `
<div
  class="o-alert o-alert--closable o-alert--info o-alert--fixed-bottom container u-animation u-animation--fade-in-up"
>
  <div
    class="grid grid-no-wrap"
  >
    <div
      aria-label="info"
      class="o-alert__icon cell"
    >
      <svg />
    </div>
    <div
      class="o-alert__content cell cell-grow"
    >
      children
    </div>
    <div
      class="o-alert__close cell"
    >
      <button
        aria-label="Close"
        class="o-alert__close-button"
        type="button"
      >
        <svg />
      </button>
    </div>
  </div>
</div>
`;
