// Jest Snapshot v1, https://goo.gl/fbAQLP

exports[`Renders <Card /> without crashing 1`] = `
<section
  class="o-card o-card--banner-gradient o-card--secondary o-card--sm"
>
  <div
    class="o-card__banner"
    style="background-image: url(https://via.placeholder.com/400x168);"
  />
  <header
    class="o-card__header"
  >
    Header
  </header>
  <div
    class="o-card__body"
  >
    children
  </div>
  <footer
    class="o-card__footer"
  >
    Footer
  </footer>
</section>
`;
