// Jest Snapshot v1, https://goo.gl/fbAQLP

exports[`Renders <Default /> without crashing 1`] = `
<div
  class="l-layout"
>
  <header
    class="p-header"
  >
    <h1
      class="p-header__heading"
    >
      Johan
       
      Mouchet
    </h1>
    <span
      class="p-header__tagline"
    >
      Front-End Engineer, Design System Architect
    </span>
  </header>
  children
  <hr />
  <footer
    class="p-footer"
  >
    <div
      class="grid grid-y-center grid-no-wrap"
    >
      <div
        class="cell cell-shrink"
      >
        <span
          class="p-footer__version"
        >
          7.0.0
        </span>
      </div>
      <div
        class="cell cell-grow"
      >
        <p
          class="p-footer__copyright"
        >
          2024
           © 
          Johan MOUCHET
           
          <span
            class="p-footer__copyright-separator"
          >
            —
          </span>
          <br />
           Made in
           
          <span
            class="p-footer__cocorico"
            tabindex="0"
          >
            France
          </span>
        </p>
      </div>
      <div
        class="cell cell-shrink"
      >
        <a
          aria-label="Get to the top"
          class="p-footer__page-top"
          href="#page-top"
        >
          <svg />
        </a>
      </div>
    </div>
  </footer>
</div>
`;
