// Jest Snapshot v1, https://goo.gl/fbAQLP

exports[`Renders <AcademicQualification /> without crashing 1`] = `
<div
  class="c-academic-qualifications"
>
  <section
    class="c-academic-qualification"
  >
    <h3
      class="c-academic-qualification__heading"
    >
      <a
        class="c-academic-qualification__establishment"
        href="#"
      >
        Name
        <svg
          class="c-academic-qualification__link"
        />
      </a>
      , 
      Location
    </h3>
    <div
      class="c-academic-qualification__title"
    >
      Title
    </div>
    <time
      class="c-academic-qualification__graduation-year"
      datetime="2024"
    >
      2024
    </time>
  </section>
</div>
`;
