// Jest Snapshot v1, https://goo.gl/fbAQLP

exports[`Renders <AcademicQualification /> without crashing 1`] = `
<div
  class="c-academic-qualifications"
>
  <section
    class="c-academic-qualification"
  >
    <h3
      class="c-academic-qualification__heading"
    >
      <a
        class="c-academic-qualification__establishment"
        href="#"
      >
        Name
      </a>
      , 
      Location
       ⁠—
       
      <span
        class="c-academic-qualification__title"
      >
        Title
      </span>
    </h3>
    <span
      class="c-academic-qualification__graduation-year"
    >
      2020
    </span>
  </section>
</div>
`;
