// Jest Snapshot v1, https://goo.gl/fbAQLP

exports[`Renders <Tabs /> without crashing 1`] = `
<div
  class="o-tabs"
>
  <ul
    class="o-tabs__thumbs"
  >
    <li
      class="o-tabs__thumb u-animation u-animation--fade-in-up"
    >
      <button
        class="o-tabs__button"
        type="button"
      >
        Thumb
      </button>
    </li>
  </ul>
  <ul
    class="o-tabs__panels"
  >
    <li
      class="o-tabs__panel"
    >
      Panel
    </li>
  </ul>
</div>
`;
