// Vitest Snapshot v1, https://vitest.dev/guide/snapshot.html

exports[`Renders <Tabs /> without crashing 1`] = `
<div
  class="_o-tabs_42ad5e"
>
  <ul
    class="_o-tabs__thumbs_42ad5e"
  >
    <li
      class="_o-tabs__thumb_42ad5e u-animation u-animation--fade-in-up"
    >
      <button
        class="_o-tabs__button_42ad5e"
        type="button"
      >
        Thumb
      </button>
    </li>
  </ul>
  <ul
    class="_o-tabs__panels_42ad5e"
  >
    <li
      class="_o-tabs__panel_42ad5e"
    >
      Panel
    </li>
  </ul>
</div>
`;
